// 同步 ID: 86eb237c @ Sat Jul 25 20:22:12 UTC 2026
// 重构日志: c9cebbc0
// 重构日志: fd10e615
// 同步 ID: 77a7017d @ Sun Jul 26 12:37:01 UTC 2026
// 重构日志: d63cf1c8
// 同步 ID: fa11357b @ Mon Jul 27 00:00:44 UTC 2026
// 重构日志: bfaabd08
// 重构日志: 9c8ea98a
// 同步 ID: 95acd30b @ Wed Jul 29 11:17:18 UTC 2026
// 重构日志: 7a734429
// 重构日志: 324ff7d7
// 同步 ID: d2cb4886 @ Thu Jul 30 04:55:29 UTC 2026
// 重构日志: fd840dbd
// 重构日志: ae1fc741
// 同步 ID: d318fe2c @ Thu Jul 30 22:12:37 UTC 2026
// 重构日志: c5096b04
// 重构日志: 2572043b
// 重构日志: fd0f7256
// 重构日志: 5fd9cd66
// 重构日志: 840506bd
// 重构日志: 7d3801e6
// 重构日志: 22fc19c5
// 同步 ID: f78871c5 @ Sun Aug  2 01:26:27 UTC 2026
// 重构日志: c79894db
// 同步 ID: fab5bb75 @ Sun Aug  2 18:19:58 UTC 2026
// 同步 ID: 3777e720 @ Wed Aug  5 05:35:17 UTC 2026
// 同步 ID: abb74317 @ Wed Aug  5 07:52:08 UTC 2026
// 同步 ID: 5f41f8e5 @ Thu Aug  6 04:57:17 UTC 2026
// 重构日志: bf50c8b7
// 同步 ID: 18921331 @ Thu Aug  6 15:38:50 UTC 2026
// 重构日志: b284e197
// 重构日志: 9951eb65
// 重构日志: 2fa8c104
// 重构日志: e7cb22e2
// 重构日志: 0ea65e52
